ARM Linker, 5.03 [Build 76] [MDK-ARM Lite]

==============================================================================

Section Cross References



==============================================================================

Image Symbol Table

    Local Symbols

    Symbol Name                              Value     Ov Type        Size  Object(Section)

    Problem03_3                              0x00000000   Section       92  problem03-3.o(Problem03_3)
    problem03-3.s                            0x00000000   Number         0  problem03-3.o ABSOLUTE

    Global Symbols

    Symbol Name                              Value     Ov Type        Size  Object(Section)

    BuildAttributes$$THM_ISAv2$ARM_ISAv5$E$P$S$PE$A:L22$X:L11$S22$IEEE1$IW$USESV6$~STKCKD$USESV7$~SHL$OSPACE$EBA8$STANDARDLIB$PRES8$EABIv2 0x00000000   Number         0  anon$$obj.o ABSOLUTE



==============================================================================

Memory Map of the image

  Image Entry point : 0x00000000

  Load Region LR_1 (Base: 0x00000000, Size: 0x0000005c, Max: 0xffffffff, ABSOLUTE)

    Execution Region ER_RO (Base: 0x00000000, Size: 0x0000005c, Max: 0xffffffff, ABSOLUTE)

    Base Addr    Size         Type   Attr      Idx    E Section Name        Object

    0x00000000   0x0000005c   Code   RO            1  * Problem03_3         problem03-3.o


    Execution Region ER_RW (Base: 0x00000000, Size: 0x00000000, Max: 0xffffffff, ABSOLUTE)

    **** No section assigned to this execution region ****


    Execution Region ER_ZI (Base: 0x00000000, Size: 0x00000000, Max: 0xffffffff, ABSOLUTE)

    **** No section assigned to this execution region ****


==============================================================================

Image component sizes


      Code (inc. data)   RO Data    RW Data    ZI Data      Debug   Object Name

        92          4          0          0          0        224   problem03-3.o

    ----------------------------------------------------------------------
        92          4          0          0          0        224   Object Totals
         0          0          0          0          0          0   (incl. Generated)
         0          0          0          0          0          0   (incl. Padding)

    ----------------------------------------------------------------------
         0          0          0          0          0          0   Library Totals
         0          0          0          0          0          0   (incl. Padding)

    ----------------------------------------------------------------------

==============================================================================


      Code (inc. data)   RO Data    RW Data    ZI Data      Debug   

        92          4          0          0          0        224   Grand Totals
        92          4          0          0          0        224   ELF Image Totals
        92          4          0          0          0          0   ROM Totals

==============================================================================

    Total RO  Size (Code + RO Data)                   92 (   0.09kB)
    Total RW  Size (RW Data + ZI Data)                 0 (   0.00kB)
    Total ROM Size (Code + RO Data + RW Data)         92 (   0.09kB)

==============================================================================

