<html>
<body>
<pre>
<h1>µVision Build Log</h1>
<h2>Project:</h2>
D:\Programming\Assembly\week2\example02\example02.uvproj
Project File Date:  09/26/2013

<h2>Output:</h2>
Build target 'Target 1'
assembling example02.s...
example02.s(11): warning: A1608W: MOV pc,<rn> instruction used, but BX <rn> is preferred
linking...
Program Size: Code=20 RO-data=0 RW-data=0 ZI-data=0  
".\example02.axf" - 0 Errors, 1 Warning(s).
Build target 'Target 1'
assembling example02.s...
example02.s(11): warning: A1608W: MOV pc,<rn> instruction used, but BX <rn> is preferred
linking...
Program Size: Code=20 RO-data=0 RW-data=0 ZI-data=0  
".\example02.axf" - 0 Errors, 1 Warning(s).
Build target 'Target 1'
assembling example02.s...
example02.s(16): error: A1108E: Multiply defined symbol 'TEMPADDR1'
".\example02.axf" - 1 Errors, 0 Warning(s).
Target not created
Build target 'Target 1'
assembling example02.s...
example02.s(18): warning: A1608W: MOV pc,<rn> instruction used, but BX <rn> is preferred
linking...
Program Size: Code=40 RO-data=0 RW-data=0 ZI-data=0  
".\example02.axf" - 0 Errors, 1 Warning(s).
Build target 'Target 1'
assembling example02.s...
example02.s(18): warning: A1608W: MOV pc,<rn> instruction used, but BX <rn> is preferred
linking...
Program Size: Code=40 RO-data=0 RW-data=0 ZI-data=0  
".\example02.axf" - 0 Errors, 1 Warning(s).
Rebuild target 'Target 1'
assembling example02.s...
example02.s(18): warning: A1608W: MOV pc,<rn> instruction used, but BX <rn> is preferred
linking...
Program Size: Code=40 RO-data=0 RW-data=0 ZI-data=0  
".\example02.axf" - 0 Errors, 1 Warning(s).
Clean started: Project: 'example02'
   deleting intermediate output files for target 'Target 1'
Build target 'Target 1'
assembling example02.s...
example02.s(18): warning: A1608W: MOV pc,<rn> instruction used, but BX <rn> is preferred
linking...
Program Size: Code=40 RO-data=0 RW-data=0 ZI-data=0  
".\example02.axf" - 0 Errors, 1 Warning(s).
