


ARM Macro Assembler    Page 1 


    1 00000000                 AREA             Problem01, CODE, READONLY
    2 00000000                 ENTRY
    3 00000000         
    4 00000000         start
    5 00000000 E3A00000        MOV              r0, #0
    6 00000004 E3A01001        MOV              r1, #1
    7 00000008 E3A02002        MOV              r2, #2
    8 0000000C E3A03003        MOV              r3, #3
    9 00000010 E3A04004        MOV              r4, #4
   10 00000014 E3A05005        MOV              r5, #5
   11 00000018 E3A06006        MOV              r6, #6
   12 0000001C E3A07007        MOV              r7, #7
   13 00000020         
   14 00000020 E59FD010        LDR              sp, TEMPADDR1
   15 00000024         
   16 00000024 E9AD00FF        STMFA            sp!, {r0-r7} ;PUSH into stack
   17 00000028 E83D0038        LDMFA            sp!, {r3-r5}
   18 0000002C E83D0085        LDMFA            sp!, {r0,r2,r7}
   19 00000030 E83D0042        LDMFA            sp!, {r1,r6}
   20 00000034         
   21 00000034 E3A0F000        MOV              pc,#0
   22 00000038         
   23 00000038 00040000 
                       TEMPADDR1
                               &                &00040000
   24 0000003C         
   25 0000003C                 END
Command Line: --debug --xref --cpu=ARM9E --apcs=interwork --depend=.\problem01.
d -o.\problem01.o -IC:\Keil\ARM\RV31\INC -IC:\Keil\ARM\CMSIS\Include --predefin
e="__EVAL SETA 1" --list=.\problem01.lst problem01.s



ARM Macro Assembler    Page 1 Alphabetic symbol ordering
Relocatable symbols

Problem01 00000000

Symbol: Problem01
   Definitions
      At line 1 in file problem01.s
   Uses
      None
Comment: Problem01 unused
TEMPADDR1 00000038

Symbol: TEMPADDR1
   Definitions
      At line 23 in file problem01.s
   Uses
      At line 14 in file problem01.s
Comment: TEMPADDR1 used once
start 00000000

Symbol: start
   Definitions
      At line 4 in file problem01.s
   Uses
      None
Comment: start unused
3 symbols
334 symbols in table
