


ARM Macro Assembler    Page 1 


    1 00000000                 AREA             ARMex, CODE, READONLY
    2 00000000                 ENTRY
    3 00000000         
    4 00000000         start
    5 00000000 E59F0070        LDR              r0, TEMPADDR1 ;Save address "0x
                                                            40000000" into r4
    6 00000004 E3A01001        MOV              r1, #1      ;Input 1 into r1
    7 00000008 E4C01001        STRB             r1, [r0], #1 ;Input 1! into 0x4
                                                            0000000 and move to
                                                             0x40000001
    8 0000000C         
    9 0000000C E3A02002        MOV              r2, #2      ;Input 2 into r2
   10 00000010 E0010192        MUL              r1, r2, r1  ;1x2
   11 00000014 E4C01001        STRB             r1, [r0], #1 ;Input 2! into 0x4
                                                            0000001 and move to
                                                             0x40000002
   12 00000018         
   13 00000018 E3A02003        MOV              r2, #3      ;Input 3 into r2
   14 0000001C E0010192        MUL              r1, r2, r1  ;1x2x3
   15 00000020 E4C01001        STRB             r1, [r0], #1 ;Input 3! into 0x4
                                                            0000002 and move to
                                                             0x40000003
   16 00000024         
   17 00000024 E3A02004        MOV              r2, #4      ;Input 4 into r2
   18 00000028 E0010192        MUL              r1, r2, r1  ;1x2x3x4
   19 0000002C E4C01001        STRB             r1, [r0], #1 ;Input 4! into 0x4
                                                            0000003 and move to
                                                             0x40000004
   20 00000030         
   21 00000030 E3A02005        MOV              r2, #5      ;Input 5 into r2
   22 00000034 E0010192        MUL              r1, r2, r1  ;1x2x3x4x5
   23 00000038 E4C01002        STRB             r1, [r0], #2 ;Input 5! into 0x4
                                                            0000004 and move to
                                                             0x40000006
   24 0000003C         
   25 0000003C E3A02006        MOV              r2, #6      ;Input 6 into r2
   26 00000040 E0010192        MUL              r1, r2, r1  ;1x2x3x4x5x6
   27 00000044 E0C010B2        STRH             r1, [r0], #2 ;Input 6! into 0x4
                                                            0000006 and move to
                                                             0x40000008
   28 00000048         
   29 00000048 E3A02007        MOV              r2, #7      ;Input 7 into r2
   30 0000004C E0010192        MUL              r1, r2, r1  ;1x2x3x4x5x6x7
   31 00000050 E0C010B2        STRH             r1, [r0], #2 ;Input 7! into 0x4
                                                            0000008 and move to
                                                             0x4000000A
   32 00000054         
   33 00000054 E3A02008        MOV              r2, #8      ;Input 8 into r2
   34 00000058 E0010192        MUL              r1, r2, r1  ;1x2x3x4x5x6x7x8
   35 0000005C E0C010B4        STRH             r1, [r0], #4 ;Input 8! into 0x4
                                                            000000A and move to
                                                             0x4000000E
   36 00000060         
   37 00000060 E3A02009        MOV              r2, #9      ;Input 9 into r2
   38 00000064 E0010192        MUL              r1, r2, r1  ;1x2x3x4x5x6x7x8x9
   39 00000068 E4801004        STR              r1, [r0], #4 ;Input 9! into 0x4
                                                            000000E and move to
                                                             0x40000012
   40 0000006C         



ARM Macro Assembler    Page 2 


   41 0000006C E3A0200A        MOV              r2, #10     ;Input 10 into r2
   42 00000070 E0010192        MUL              r1, r2, r1  ;1x2x3x4x5x6x7x8x9x
                                                            10
   43 00000074 E5801000        STR              r1, [r0]    ;Input 10! into 0x4
                                                            0000012
   44 00000078         
   45 00000078 40000000 
                       TEMPADDR1
                               &                &40000000   ;TEMPADDR1=0x400000
                                                            00
   46 0000007C         
   47 0000007C                 END                          ;End of file
Command Line: --debug --xref --cpu=ARM9E --apcs=interwork --depend=.\problem02.
d -o.\problem02.o -IC:\Keil\ARM\RV31\INC -IC:\Keil\ARM\CMSIS\Include --predefin
e="__EVAL SETA 1" --list=.\problem02.lst problem02.s



ARM Macro Assembler    Page 1 Alphabetic symbol ordering
Relocatable symbols

ARMex 00000000

Symbol: ARMex
   Definitions
      At line 1 in file problem02.s
   Uses
      None
Comment: ARMex unused
TEMPADDR1 00000078

Symbol: TEMPADDR1
   Definitions
      At line 45 in file problem02.s
   Uses
      At line 5 in file problem02.s
Comment: TEMPADDR1 used once
start 00000000

Symbol: start
   Definitions
      At line 4 in file problem02.s
   Uses
      None
Comment: start unused
3 symbols
334 symbols in table
