


ARM Macro Assembler    Page 1 


    1 00000000 0000000D 
                       CR      EQU              0x0D
    2 00000000         
    3 00000000                 AREA             Example, CODE, READONLY
    4 00000000                 ENTRY
    5 00000000         
    6 00000000         Main
    7 00000000 E59F001C        LDR              r0, =Table
    8 00000004 E0211001        EOR              r1, r1, r1
    9 00000008         
   10 00000008         Loop
   11 00000008 E4D02001        LDRB             r2, [r0], #1
   12 0000000C E352000D        CMP              r2, #CR
   13 00000010 0A000001        BEQ              Done
   14 00000014 E2811001        ADD              r1, r1, #1
   15 00000018         
   16 00000018 EAFFFFFA        BAL              Loop
   17 0000001C         
   18 0000001C         Done
   19 0000001C E50F1008        STR              r1, CharCount
   20 00000020 EF000011        SWI              &11
   21 00000024         
   22 00000024 00000000        AREA             Data1, DATA
   23 00000000         
   24 00000000         Table
   25 00000000 48 65 6C 
              6C 6F 2C 
              20 57 6F 
              72 6C 64 
              0D               DCB              "Hello, World", CR
   26 0000000D 00 00 00        ALIGN
   27 00000010         
   28 00000010                 AREA             Result, DATA
   29 00000000         
   30 00000000         CharCount
   31 00000000 00              DCB              0
   32 00000001         
   33 00000001                 END
Command Line: --debug --xref --cpu=ARM9E --apcs=interwork --depend=.\example.d 
-o.\example.o -IC:\Keil\ARM\RV31\INC -IC:\Keil\ARM\CMSIS\Include --predefine="_
_EVAL SETA 1" --list=.\example.lst example.s



ARM Macro Assembler    Page 1 Alphabetic symbol ordering
Relocatable symbols

Done 0000001C

Symbol: Done
   Definitions
      At line 18 in file example.s
   Uses
      At line 13 in file example.s
Comment: Done used once
Example 00000000

Symbol: Example
   Definitions
      At line 3 in file example.s
   Uses
      None
Comment: Example unused
Loop 00000008

Symbol: Loop
   Definitions
      At line 10 in file example.s
   Uses
      At line 16 in file example.s
Comment: Loop used once
Main 00000000

Symbol: Main
   Definitions
      At line 6 in file example.s
   Uses
      None
Comment: Main unused
4 symbols



ARM Macro Assembler    Page 1 Alphabetic symbol ordering
Relocatable symbols

Data1 00000000

Symbol: Data1
   Definitions
      At line 22 in file example.s
   Uses
      None
Comment: Data1 unused
Table 00000000

Symbol: Table
   Definitions
      At line 24 in file example.s
   Uses
      At line 7 in file example.s
Comment: Table used once
2 symbols



ARM Macro Assembler    Page 1 Alphabetic symbol ordering
Relocatable symbols

CharCount 00000000

Symbol: CharCount
   Definitions
      At line 30 in file example.s
   Uses
      At line 19 in file example.s
Comment: CharCount used once
Result 00000000

Symbol: Result
   Definitions
      At line 28 in file example.s
   Uses
      None
Comment: Result unused
2 symbols



ARM Macro Assembler    Page 1 Alphabetic symbol ordering
Absolute symbols

CR 0000000D

Symbol: CR
   Definitions
      At line 1 in file example.s
   Uses
      At line 12 in file example.s
      At line 25 in file example.s

1 symbol
342 symbols in table
