ARM Linker, 5.03 [Build 76] [MDK-ARM Lite]

==============================================================================

Section Cross References

    example.o(Example) refers to example.o(Result) for CharCount
    example.o(Example) refers to example.o(Data1) for Table


==============================================================================

Image Symbol Table

    Local Symbols

    Symbol Name                              Value     Ov Type        Size  Object(Section)

    Example                                  0x00000000   Section       40  example.o(Example)
    example.s                                0x00000000   Number         0  example.o ABSOLUTE
    Data1                                    0x00000028   Section       16  example.o(Data1)
    Table                                    0x00000028   Data           0  example.o(Data1)
    Result                                   0x00000038   Section        1  example.o(Result)
    CharCount                                0x00000038   Data           0  example.o(Result)

    Global Symbols

    Symbol Name                              Value     Ov Type        Size  Object(Section)

    BuildAttributes$$THM_ISAv2$ARM_ISAv5$E$P$S$PE$A:L22$X:L11$S22$IEEE1$IW$USESV6$~STKCKD$USESV7$~SHL$OSPACE$EBA8$STANDARDLIB$PRES8$EABIv2 0x00000000   Number         0  anon$$obj.o ABSOLUTE



==============================================================================

Memory Map of the image

  Image Entry point : 0x00000000

  Load Region LR_1 (Base: 0x00000000, Size: 0x0000003c, Max: 0xffffffff, ABSOLUTE)

    Execution Region ER_RO (Base: 0x00000000, Size: 0x00000028, Max: 0xffffffff, ABSOLUTE)

    Base Addr    Size         Type   Attr      Idx    E Section Name        Object

    0x00000000   0x00000028   Code   RO            1  * Example             example.o


    Execution Region ER_RW (Base: 0x00000028, Size: 0x00000014, Max: 0xffffffff, ABSOLUTE)

    Base Addr    Size         Type   Attr      Idx    E Section Name        Object

    0x00000028   0x00000010   Data   RW            2    Data1               example.o
    0x00000038   0x00000001   Data   RW            3    Result              example.o


    Execution Region ER_ZI (Base: 0x0000003c, Size: 0x00000000, Max: 0xffffffff, ABSOLUTE)

    **** No section assigned to this execution region ****


==============================================================================

Image component sizes


      Code (inc. data)   RO Data    RW Data    ZI Data      Debug   Object Name

        40          4          0         17          0        200   example.o

    ----------------------------------------------------------------------
        40          4          0         20          0        200   Object Totals
         0          0          0          0          0          0   (incl. Generated)
         0          0          0          3          0          0   (incl. Padding)

    ----------------------------------------------------------------------
         0          0          0          0          0          0   Library Totals
         0          0          0          0          0          0   (incl. Padding)

    ----------------------------------------------------------------------

==============================================================================


      Code (inc. data)   RO Data    RW Data    ZI Data      Debug   

        40          4          0         20          0        200   Grand Totals
        40          4          0         20          0        200   ELF Image Totals
        40          4          0         20          0          0   ROM Totals

==============================================================================

    Total RO  Size (Code + RO Data)                   40 (   0.04kB)
    Total RW  Size (RW Data + ZI Data)                20 (   0.02kB)
    Total ROM Size (Code + RO Data + RW Data)         60 (   0.06kB)

==============================================================================

