Analysis & Synthesis report for cntr8
Thu Nov 07 00:51:30 2013
Quartus II 64-Bit Version 13.0.0 Build 156 04/24/2013 SJ Web Edition


---------------------
; Table of Contents ;
---------------------
  1. Legal Notice
  2. Analysis & Synthesis Summary
  3. Analysis & Synthesis Settings
  4. Parallel Compilation
  5. Analysis & Synthesis Source Files Read
  6. Analysis & Synthesis Resource Usage Summary
  7. Analysis & Synthesis Resource Utilization by Entity
  8. Logic Cells Representing Combinational Loops
  9. General Register Statistics
 10. Multiplexer Restructuring Statistics (Restructuring Performed)
 11. Parameter Settings for User Entity Instance: ns_logic:U1_ns_logic
 12. Parameter Settings for User Entity Instance: os_logic:U2_os_logic
 13. Port Connectivity Checks: "os_logic:U2_os_logic|cla8:U1_cla8"
 14. Port Connectivity Checks: "os_logic:U2_os_logic|cla8:U0_cla8"
 15. Elapsed Time Per Partition
 16. Analysis & Synthesis Messages
 17. Analysis & Synthesis Suppressed Messages



----------------
; Legal Notice ;
----------------
Copyright (C) 1991-2013 Altera Corporation
Your use of Altera Corporation's design tools, logic functions 
and other software and tools, and its AMPP partner logic 
functions, and any output files from any of the foregoing 
(including device programming or simulation files), and any 
associated documentation or information are expressly subject 
to the terms and conditions of the Altera Program License 
Subscription Agreement, Altera MegaCore Function License 
Agreement, or other applicable license agreement, including, 
without limitation, that your use is for the sole purpose of 
programming logic devices manufactured by Altera and sold by 
Altera or its authorized distributors.  Please refer to the 
applicable agreement for further details.



+---------------------------------------------------------------------------------+
; Analysis & Synthesis Summary                                                    ;
+------------------------------------+--------------------------------------------+
; Analysis & Synthesis Status        ; Successful - Thu Nov 07 00:51:30 2013      ;
; Quartus II 64-Bit Version          ; 13.0.0 Build 156 04/24/2013 SJ Web Edition ;
; Revision Name                      ; cntr8                                      ;
; Top-level Entity Name              ; cntr8                                      ;
; Family                             ; Cyclone II                                 ;
; Total logic elements               ; 33                                         ;
;     Total combinational functions  ; 33                                         ;
;     Dedicated logic registers      ; 3                                          ;
; Total registers                    ; 3                                          ;
; Total pins                         ; 23                                         ;
; Total virtual pins                 ; 0                                          ;
; Total memory bits                  ; 0                                          ;
; Embedded Multiplier 9-bit elements ; 0                                          ;
; Total PLLs                         ; 0                                          ;
+------------------------------------+--------------------------------------------+


+----------------------------------------------------------------------------------------------------------------------+
; Analysis & Synthesis Settings                                                                                        ;
+----------------------------------------------------------------------------+--------------------+--------------------+
; Option                                                                     ; Setting            ; Default Value      ;
+----------------------------------------------------------------------------+--------------------+--------------------+
; Device                                                                     ; EP2C70F896C6       ;                    ;
; Top-level entity name                                                      ; cntr8              ; cntr8              ;
; Family name                                                                ; Cyclone II         ; Cyclone IV GX      ;
; Use smart compilation                                                      ; Off                ; Off                ;
; Enable parallel Assembler and TimeQuest Timing Analyzer during compilation ; On                 ; On                 ;
; Enable compact report table                                                ; Off                ; Off                ;
; Restructure Multiplexers                                                   ; Auto               ; Auto               ;
; Create Debugging Nodes for IP Cores                                        ; Off                ; Off                ;
; Preserve fewer node names                                                  ; On                 ; On                 ;
; Disable OpenCore Plus hardware evaluation                                  ; Off                ; Off                ;
; Verilog Version                                                            ; Verilog_2001       ; Verilog_2001       ;
; VHDL Version                                                               ; VHDL_1993          ; VHDL_1993          ;
; State Machine Processing                                                   ; Auto               ; Auto               ;
; Safe State Machine                                                         ; Off                ; Off                ;
; Extract Verilog State Machines                                             ; On                 ; On                 ;
; Extract VHDL State Machines                                                ; On                 ; On                 ;
; Ignore Verilog initial constructs                                          ; Off                ; Off                ;
; Iteration limit for constant Verilog loops                                 ; 5000               ; 5000               ;
; Iteration limit for non-constant Verilog loops                             ; 250                ; 250                ;
; Add Pass-Through Logic to Inferred RAMs                                    ; On                 ; On                 ;
; Infer RAMs from Raw Logic                                                  ; On                 ; On                 ;
; Parallel Synthesis                                                         ; On                 ; On                 ;
; DSP Block Balancing                                                        ; Auto               ; Auto               ;
; NOT Gate Push-Back                                                         ; On                 ; On                 ;
; Power-Up Don't Care                                                        ; On                 ; On                 ;
; Remove Redundant Logic Cells                                               ; Off                ; Off                ;
; Remove Duplicate Registers                                                 ; On                 ; On                 ;
; Ignore CARRY Buffers                                                       ; Off                ; Off                ;
; Ignore CASCADE Buffers                                                     ; Off                ; Off                ;
; Ignore GLOBAL Buffers                                                      ; Off                ; Off                ;
; Ignore ROW GLOBAL Buffers                                                  ; Off                ; Off                ;
; Ignore LCELL Buffers                                                       ; Off                ; Off                ;
; Ignore SOFT Buffers                                                        ; On                 ; On                 ;
; Limit AHDL Integers to 32 Bits                                             ; Off                ; Off                ;
; Optimization Technique                                                     ; Balanced           ; Balanced           ;
; Carry Chain Length                                                         ; 70                 ; 70                 ;
; Auto Carry Chains                                                          ; On                 ; On                 ;
; Auto Open-Drain Pins                                                       ; On                 ; On                 ;
; Perform WYSIWYG Primitive Resynthesis                                      ; Off                ; Off                ;
; Auto ROM Replacement                                                       ; On                 ; On                 ;
; Auto RAM Replacement                                                       ; On                 ; On                 ;
; Auto Shift Register Replacement                                            ; Auto               ; Auto               ;
; Allow Shift Register Merging across Hierarchies                            ; Auto               ; Auto               ;
; Auto Clock Enable Replacement                                              ; On                 ; On                 ;
; Strict RAM Replacement                                                     ; Off                ; Off                ;
; Allow Synchronous Control Signals                                          ; On                 ; On                 ;
; Force Use of Synchronous Clear Signals                                     ; Off                ; Off                ;
; Auto RAM to Logic Cell Conversion                                          ; Off                ; Off                ;
; Auto Resource Sharing                                                      ; Off                ; Off                ;
; Allow Any RAM Size For Recognition                                         ; Off                ; Off                ;
; Allow Any ROM Size For Recognition                                         ; Off                ; Off                ;
; Allow Any Shift Register Size For Recognition                              ; Off                ; Off                ;
; Use LogicLock Constraints during Resource Balancing                        ; On                 ; On                 ;
; Ignore translate_off and synthesis_off directives                          ; Off                ; Off                ;
; Timing-Driven Synthesis                                                    ; Off                ; Off                ;
; Report Parameter Settings                                                  ; On                 ; On                 ;
; Report Source Assignments                                                  ; On                 ; On                 ;
; Report Connectivity Checks                                                 ; On                 ; On                 ;
; Ignore Maximum Fan-Out Assignments                                         ; Off                ; Off                ;
; Synchronization Register Chain Length                                      ; 2                  ; 2                  ;
; PowerPlay Power Optimization                                               ; Normal compilation ; Normal compilation ;
; HDL message level                                                          ; Level2             ; Level2             ;
; Suppress Register Optimization Related Messages                            ; Off                ; Off                ;
; Number of Removed Registers Reported in Synthesis Report                   ; 5000               ; 5000               ;
; Number of Swept Nodes Reported in Synthesis Report                         ; 5000               ; 5000               ;
; Number of Inverted Registers Reported in Synthesis Report                  ; 100                ; 100                ;
; Clock MUX Protection                                                       ; On                 ; On                 ;
; Auto Gated Clock Conversion                                                ; Off                ; Off                ;
; Block Design Naming                                                        ; Auto               ; Auto               ;
; SDC constraint protection                                                  ; Off                ; Off                ;
; Synthesis Effort                                                           ; Auto               ; Auto               ;
; Shift Register Replacement - Allow Asynchronous Clear Signal               ; On                 ; On                 ;
; Pre-Mapping Resynthesis Optimization                                       ; Off                ; Off                ;
; Analysis & Synthesis Message Level                                         ; Medium             ; Medium             ;
; Disable Register Merging Across Hierarchies                                ; Auto               ; Auto               ;
; Resource Aware Inference For Block RAM                                     ; On                 ; On                 ;
; Synthesis Seed                                                             ; 1                  ; 1                  ;
+----------------------------------------------------------------------------+--------------------+--------------------+


Parallel compilation was disabled, but you have multiple processors available. Enable parallel compilation to reduce compilation time.
+-------------------------------------+
; Parallel Compilation                ;
+----------------------------+--------+
; Processors                 ; Number ;
+----------------------------+--------+
; Number detected on machine ; 4      ;
; Maximum allowed            ; 1      ;
+----------------------------+--------+


+--------------------------------------------------------------------------------------------------------------------------------------------------+
; Analysis & Synthesis Source Files Read                                                                                                           ;
+----------------------------------+-----------------+------------------------+----------------------------------------------------------+---------+
; File Name with User-Entered Path ; Used in Netlist ; File Type              ; File Name with Absolute Path                             ; Library ;
+----------------------------------+-----------------+------------------------+----------------------------------------------------------+---------+
; gates.v                          ; yes             ; User Verilog HDL File  ; D:/Programming/Verilog/2013-2/week9/cntr8/gates.v        ;         ;
; fa_v2.v                          ; yes             ; User Verilog HDL File  ; D:/Programming/Verilog/2013-2/week9/cntr8/fa_v2.v        ;         ;
; clb4.v                           ; yes             ; User Verilog HDL File  ; D:/Programming/Verilog/2013-2/week9/cntr8/clb4.v         ;         ;
; cla4.v                           ; yes             ; User Verilog HDL File  ; D:/Programming/Verilog/2013-2/week9/cntr8/cla4.v         ;         ;
; _dff_r.v                         ; yes             ; User Verilog HDL File  ; D:/Programming/Verilog/2013-2/week9/cntr8/_dff_r.v       ;         ;
; _register3_r.v                   ; yes             ; User Verilog HDL File  ; D:/Programming/Verilog/2013-2/week9/cntr8/_register3_r.v ;         ;
; cntr8.v                          ; yes             ; User Verilog HDL File  ; D:/Programming/Verilog/2013-2/week9/cntr8/cntr8.v        ;         ;
; ns_logic.v                       ; yes             ; User Verilog HDL File  ; D:/Programming/Verilog/2013-2/week9/cntr8/ns_logic.v     ;         ;
; cla8.v                           ; yes             ; User Verilog HDL File  ; D:/Programming/Verilog/2013-2/week9/cntr8/cla8.v         ;         ;
; os_logic.v                       ; yes             ; User Verilog HDL File  ; D:/Programming/Verilog/2013-2/week9/cntr8/os_logic.v     ;         ;
+----------------------------------+-----------------+------------------------+----------------------------------------------------------+---------+


+---------------------------------------------------------------------------------------------+
; Analysis & Synthesis Resource Usage Summary                                                 ;
+---------------------------------------------+-----------------------------------------------+
; Resource                                    ; Usage                                         ;
+---------------------------------------------+-----------------------------------------------+
; Estimated Total logic elements              ; 33                                            ;
;                                             ;                                               ;
; Total combinational functions               ; 33                                            ;
; Logic element usage by number of LUT inputs ;                                               ;
;     -- 4 input functions                    ; 24                                            ;
;     -- 3 input functions                    ; 5                                             ;
;     -- <=2 input functions                  ; 4                                             ;
;                                             ;                                               ;
; Logic elements by mode                      ;                                               ;
;     -- normal mode                          ; 33                                            ;
;     -- arithmetic mode                      ; 0                                             ;
;                                             ;                                               ;
; Total registers                             ; 3                                             ;
;     -- Dedicated logic registers            ; 3                                             ;
;     -- I/O registers                        ; 0                                             ;
;                                             ;                                               ;
; I/O pins                                    ; 23                                            ;
; Embedded Multiplier 9-bit elements          ; 0                                             ;
; Maximum fan-out node                        ; _register3_r:U0_register3_r|_dff_r:U2_dff_r|q ;
; Maximum fan-out                             ; 16                                            ;
; Total fan-out                               ; 139                                           ;
; Average fan-out                             ; 2.36                                          ;
+---------------------------------------------+-----------------------------------------------+


+-----------------------------------------------------------------------------------------------------------------------------------------------------------------------------------------------------------------------------------------------------------+
; Analysis & Synthesis Resource Utilization by Entity                                                                                                                                                                                                       ;
+----------------------------------+-------------------+--------------+-------------+--------------+---------+-----------+------+--------------+---------------------------------------------------------------------------------------------+--------------+
; Compilation Hierarchy Node       ; LC Combinationals ; LC Registers ; Memory Bits ; DSP Elements ; DSP 9x9 ; DSP 18x18 ; Pins ; Virtual Pins ; Full Hierarchy Name                                                                         ; Library Name ;
+----------------------------------+-------------------+--------------+-------------+--------------+---------+-----------+------+--------------+---------------------------------------------------------------------------------------------+--------------+
; |cntr8                           ; 33 (0)            ; 3 (0)        ; 0           ; 0            ; 0       ; 0         ; 23   ; 0            ; |cntr8                                                                                      ;              ;
;    |_register3_r:U0_register3_r| ; 0 (0)             ; 3 (0)        ; 0           ; 0            ; 0       ; 0         ; 0    ; 0            ; |cntr8|_register3_r:U0_register3_r                                                          ;              ;
;       |_dff_r:U0_dff_r|          ; 0 (0)             ; 1 (1)        ; 0           ; 0            ; 0       ; 0         ; 0    ; 0            ; |cntr8|_register3_r:U0_register3_r|_dff_r:U0_dff_r                                          ;              ;
;       |_dff_r:U1_dff_r|          ; 0 (0)             ; 1 (1)        ; 0           ; 0            ; 0       ; 0         ; 0    ; 0            ; |cntr8|_register3_r:U0_register3_r|_dff_r:U1_dff_r                                          ;              ;
;       |_dff_r:U2_dff_r|          ; 0 (0)             ; 1 (1)        ; 0           ; 0            ; 0       ; 0         ; 0    ; 0            ; |cntr8|_register3_r:U0_register3_r|_dff_r:U2_dff_r                                          ;              ;
;    |ns_logic:U1_ns_logic|        ; 4 (4)             ; 0 (0)        ; 0           ; 0            ; 0       ; 0         ; 0    ; 0            ; |cntr8|ns_logic:U1_ns_logic                                                                 ;              ;
;    |os_logic:U2_os_logic|        ; 29 (23)           ; 0 (0)        ; 0           ; 0            ; 0       ; 0         ; 0    ; 0            ; |cntr8|os_logic:U2_os_logic                                                                 ;              ;
;       |cla8:U0_cla8|             ; 3 (0)             ; 0 (0)        ; 0           ; 0            ; 0       ; 0         ; 0    ; 0            ; |cntr8|os_logic:U2_os_logic|cla8:U0_cla8                                                    ;              ;
;          |cla4:U0_cla4|          ; 1 (0)             ; 0 (0)        ; 0           ; 0            ; 0       ; 0         ; 0    ; 0            ; |cntr8|os_logic:U2_os_logic|cla8:U0_cla8|cla4:U0_cla4                                       ;              ;
;             |clb4:U4_clb4|       ; 1 (0)             ; 0 (0)        ; 0           ; 0            ; 0       ; 0         ; 0    ; 0            ; |cntr8|os_logic:U2_os_logic|cla8:U0_cla8|cla4:U0_cla4|clb4:U4_clb4                          ;              ;
;                |_and4:U19_and4|  ; 1 (1)             ; 0 (0)        ; 0           ; 0            ; 0       ; 0         ; 0    ; 0            ; |cntr8|os_logic:U2_os_logic|cla8:U0_cla8|cla4:U0_cla4|clb4:U4_clb4|_and4:U19_and4           ;              ;
;          |cla4:U1_cla4|          ; 2 (0)             ; 0 (0)        ; 0           ; 0            ; 0       ; 0         ; 0    ; 0            ; |cntr8|os_logic:U2_os_logic|cla8:U0_cla8|cla4:U1_cla4                                       ;              ;
;             |clb4:U4_clb4|       ; 1 (0)             ; 0 (0)        ; 0           ; 0            ; 0       ; 0         ; 0    ; 0            ; |cntr8|os_logic:U2_os_logic|cla8:U0_cla8|cla4:U1_cla4|clb4:U4_clb4                          ;              ;
;                |_and4:U15_and4|  ; 1 (1)             ; 0 (0)        ; 0           ; 0            ; 0       ; 0         ; 0    ; 0            ; |cntr8|os_logic:U2_os_logic|cla8:U0_cla8|cla4:U1_cla4|clb4:U4_clb4|_and4:U15_and4           ;              ;
;             |fa_v2:U2_fa|        ; 1 (0)             ; 0 (0)        ; 0           ; 0            ; 0       ; 0         ; 0    ; 0            ; |cntr8|os_logic:U2_os_logic|cla8:U0_cla8|cla4:U1_cla4|fa_v2:U2_fa                           ;              ;
;                |_xor2:U1_xor2|   ; 1 (0)             ; 0 (0)        ; 0           ; 0            ; 0       ; 0         ; 0    ; 0            ; |cntr8|os_logic:U2_os_logic|cla8:U0_cla8|cla4:U1_cla4|fa_v2:U2_fa|_xor2:U1_xor2             ;              ;
;                   |_or2:U4_or2|  ; 1 (1)             ; 0 (0)        ; 0           ; 0            ; 0       ; 0         ; 0    ; 0            ; |cntr8|os_logic:U2_os_logic|cla8:U0_cla8|cla4:U1_cla4|fa_v2:U2_fa|_xor2:U1_xor2|_or2:U4_or2 ;              ;
;       |cla8:U1_cla8|             ; 3 (0)             ; 0 (0)        ; 0           ; 0            ; 0       ; 0         ; 0    ; 0            ; |cntr8|os_logic:U2_os_logic|cla8:U1_cla8                                                    ;              ;
;          |cla4:U0_cla4|          ; 1 (0)             ; 0 (0)        ; 0           ; 0            ; 0       ; 0         ; 0    ; 0            ; |cntr8|os_logic:U2_os_logic|cla8:U1_cla8|cla4:U0_cla4                                       ;              ;
;             |clb4:U4_clb4|       ; 1 (0)             ; 0 (0)        ; 0           ; 0            ; 0       ; 0         ; 0    ; 0            ; |cntr8|os_logic:U2_os_logic|cla8:U1_cla8|cla4:U0_cla4|clb4:U4_clb4                          ;              ;
;                |_or5:U21_or5|    ; 1 (1)             ; 0 (0)        ; 0           ; 0            ; 0       ; 0         ; 0    ; 0            ; |cntr8|os_logic:U2_os_logic|cla8:U1_cla8|cla4:U0_cla4|clb4:U4_clb4|_or5:U21_or5             ;              ;
;          |cla4:U1_cla4|          ; 2 (0)             ; 0 (0)        ; 0           ; 0            ; 0       ; 0         ; 0    ; 0            ; |cntr8|os_logic:U2_os_logic|cla8:U1_cla8|cla4:U1_cla4                                       ;              ;
;             |clb4:U4_clb4|       ; 1 (0)             ; 0 (0)        ; 0           ; 0            ; 0       ; 0         ; 0    ; 0            ; |cntr8|os_logic:U2_os_logic|cla8:U1_cla8|cla4:U1_cla4|clb4:U4_clb4                          ;              ;
;                |_or4:U16_or4|    ; 1 (1)             ; 0 (0)        ; 0           ; 0            ; 0       ; 0         ; 0    ; 0            ; |cntr8|os_logic:U2_os_logic|cla8:U1_cla8|cla4:U1_cla4|clb4:U4_clb4|_or4:U16_or4             ;              ;
;             |fa_v2:U2_fa|        ; 1 (0)             ; 0 (0)        ; 0           ; 0            ; 0       ; 0         ; 0    ; 0            ; |cntr8|os_logic:U2_os_logic|cla8:U1_cla8|cla4:U1_cla4|fa_v2:U2_fa                           ;              ;
;                |_xor2:U1_xor2|   ; 1 (0)             ; 0 (0)        ; 0           ; 0            ; 0       ; 0         ; 0    ; 0            ; |cntr8|os_logic:U2_os_logic|cla8:U1_cla8|cla4:U1_cla4|fa_v2:U2_fa|_xor2:U1_xor2             ;              ;
;                   |_or2:U4_or2|  ; 1 (1)             ; 0 (0)        ; 0           ; 0            ; 0       ; 0         ; 0    ; 0            ; |cntr8|os_logic:U2_os_logic|cla8:U1_cla8|cla4:U1_cla4|fa_v2:U2_fa|_xor2:U1_xor2|_or2:U4_or2 ;              ;
+----------------------------------+-------------------+--------------+-------------+--------------+---------+-----------+------+--------------+---------------------------------------------------------------------------------------------+--------------+
Note: For table entries with two numbers listed, the numbers in parentheses indicate the number of resources of the given type used by the specific entity alone. The numbers listed outside of parentheses indicate the total resources of the given type used by the specific entity and all of its sub-entities in the hierarchy.


+------------------------------------------------------------+
; Logic Cells Representing Combinational Loops               ;
+--------------------------------------------------------+---+
; Logic Cell Name                                        ;   ;
+--------------------------------------------------------+---+
; os_logic:U2_os_logic|Mux7~0                            ;   ;
; os_logic:U2_os_logic|Mux6~0                            ;   ;
; os_logic:U2_os_logic|Mux5~0                            ;   ;
; os_logic:U2_os_logic|Mux4~0                            ;   ;
; os_logic:U2_os_logic|Mux3~0                            ;   ;
; os_logic:U2_os_logic|Mux2~0                            ;   ;
; os_logic:U2_os_logic|Mux1~0                            ;   ;
; os_logic:U2_os_logic|Mux0~0                            ;   ;
; Number of logic cells representing combinational loops ; 8 ;
+--------------------------------------------------------+---+
Note: All cells listed above may not be present at the end of synthesis due to various synthesis optimizations.


+------------------------------------------------------+
; General Register Statistics                          ;
+----------------------------------------------+-------+
; Statistic                                    ; Value ;
+----------------------------------------------+-------+
; Total registers                              ; 3     ;
; Number of registers using Synchronous Clear  ; 0     ;
; Number of registers using Synchronous Load   ; 0     ;
; Number of registers using Asynchronous Clear ; 3     ;
; Number of registers using Asynchronous Load  ; 0     ;
; Number of registers using Clock Enable       ; 0     ;
; Number of registers using Preset             ; 0     ;
+----------------------------------------------+-------+


+------------------------------------------------------------------------------------------------------------------------------------------------+
; Multiplexer Restructuring Statistics (Restructuring Performed)                                                                                 ;
+--------------------+-----------+---------------+----------------------+------------------------+------------+----------------------------------+
; Multiplexer Inputs ; Bus Width ; Baseline Area ; Area if Restructured ; Saving if Restructured ; Registered ; Example Multiplexer Output       ;
+--------------------+-----------+---------------+----------------------+------------------------+------------+----------------------------------+
; 6:1                ; 7 bits    ; 28 LEs        ; 14 LEs               ; 14 LEs                 ; No         ; |cntr8|os_logic:U2_os_logic|Mux6 ;
+--------------------+-----------+---------------+----------------------+------------------------+------------+----------------------------------+


+-------------------------------------------------------------------+
; Parameter Settings for User Entity Instance: ns_logic:U1_ns_logic ;
+----------------+-------+------------------------------------------+
; Parameter Name ; Value ; Type                                     ;
+----------------+-------+------------------------------------------+
; IDLE_STATE     ; 000   ; Unsigned Binary                          ;
; LOAD_STATE     ; 001   ; Unsigned Binary                          ;
; INC_STATE      ; 010   ; Unsigned Binary                          ;
; INC2_STATE     ; 011   ; Unsigned Binary                          ;
; DEC_STATE      ; 100   ; Unsigned Binary                          ;
; DEC2_STATE     ; 101   ; Unsigned Binary                          ;
+----------------+-------+------------------------------------------+
Note: In order to hide this table in the UI and the text report file, please set the "Show Parameter Settings in Synthesis Report" option in "Analysis and Synthesis Settings -> More Settings" to "Off".


+-------------------------------------------------------------------+
; Parameter Settings for User Entity Instance: os_logic:U2_os_logic ;
+----------------+-------+------------------------------------------+
; Parameter Name ; Value ; Type                                     ;
+----------------+-------+------------------------------------------+
; IDLE_STATE     ; 000   ; Unsigned Binary                          ;
; LOAD_STATE     ; 001   ; Unsigned Binary                          ;
; INC_STATE      ; 010   ; Unsigned Binary                          ;
; INC2_STATE     ; 011   ; Unsigned Binary                          ;
; DEC_STATE      ; 100   ; Unsigned Binary                          ;
; DEC2_STATE     ; 101   ; Unsigned Binary                          ;
+----------------+-------+------------------------------------------+
Note: In order to hide this table in the UI and the text report file, please set the "Show Parameter Settings in Synthesis Report" option in "Analysis and Synthesis Settings -> More Settings" to "Off".


+-------------------------------------------------------------------------------------------------------------------------------------+
; Port Connectivity Checks: "os_logic:U2_os_logic|cla8:U1_cla8"                                                                       ;
+------+--------+----------+----------------------------------------------------------------------------------------------------------+
; Port ; Type   ; Severity ; Details                                                                                                  ;
+------+--------+----------+----------------------------------------------------------------------------------------------------------+
; b    ; Input  ; Info     ; Stuck at VCC                                                                                             ;
; ci   ; Input  ; Info     ; Stuck at GND                                                                                             ;
; co   ; Output ; Warning  ; Declared by entity but not connected by instance. Logic that only feeds a dangling port will be removed. ;
+------+--------+----------+----------------------------------------------------------------------------------------------------------+


+----------------------------------------------------------------------------------------------------------------------------------------+
; Port Connectivity Checks: "os_logic:U2_os_logic|cla8:U0_cla8"                                                                          ;
+---------+--------+----------+----------------------------------------------------------------------------------------------------------+
; Port    ; Type   ; Severity ; Details                                                                                                  ;
+---------+--------+----------+----------------------------------------------------------------------------------------------------------+
; b[7..1] ; Input  ; Info     ; Stuck at GND                                                                                             ;
; b[0]    ; Input  ; Info     ; Stuck at VCC                                                                                             ;
; ci      ; Input  ; Info     ; Stuck at GND                                                                                             ;
; co      ; Output ; Warning  ; Declared by entity but not connected by instance. Logic that only feeds a dangling port will be removed. ;
+---------+--------+----------+----------------------------------------------------------------------------------------------------------+


+-------------------------------+
; Elapsed Time Per Partition    ;
+----------------+--------------+
; Partition Name ; Elapsed Time ;
+----------------+--------------+
; Top            ; 00:00:00     ;
+----------------+--------------+


+-------------------------------+
; Analysis & Synthesis Messages ;
+-------------------------------+
Info: *******************************************************************
Info: Running Quartus II 64-Bit Analysis & Synthesis
    Info: Version 13.0.0 Build 156 04/24/2013 SJ Web Edition
    Info: Processing started: Thu Nov 07 00:51:27 2013
Info: Command: quartus_map --read_settings_files=on --write_settings_files=off cntr8 -c cntr8
Warning (20028): Parallel compilation is not licensed and has been disabled
Info (12021): Found 22 design units, including 22 entities, in source file gates.v
    Info (12023): Found entity 1: _inv
    Info (12023): Found entity 2: _nand2
    Info (12023): Found entity 3: _and2
    Info (12023): Found entity 4: _or2
    Info (12023): Found entity 5: _xor2
    Info (12023): Found entity 6: _and3
    Info (12023): Found entity 7: _and4
    Info (12023): Found entity 8: _and5
    Info (12023): Found entity 9: _or3
    Info (12023): Found entity 10: _or4
    Info (12023): Found entity 11: _or5
    Info (12023): Found entity 12: _inv_4bits
    Info (12023): Found entity 13: _and2_4bits
    Info (12023): Found entity 14: _or2_4bits
    Info (12023): Found entity 15: _xor2_4bits
    Info (12023): Found entity 16: _xnor2_4bits
    Info (12023): Found entity 17: _inv_32bits
    Info (12023): Found entity 18: _and2_32bits
    Info (12023): Found entity 19: _or2_32bits
    Info (12023): Found entity 20: _xor2_32bits
    Info (12023): Found entity 21: _xnor2_32bits
    Info (12023): Found entity 22: _nor2
Info (12021): Found 1 design units, including 1 entities, in source file fa_v2.v
    Info (12023): Found entity 1: fa_v2
Info (12021): Found 1 design units, including 1 entities, in source file clb4.v
    Info (12023): Found entity 1: clb4
Info (12021): Found 1 design units, including 1 entities, in source file cla4.v
    Info (12023): Found entity 1: cla4
Info (12021): Found 1 design units, including 1 entities, in source file _dff_r.v
    Info (12023): Found entity 1: _dff_r
Info (12021): Found 1 design units, including 1 entities, in source file _register3_r.v
    Info (12023): Found entity 1: _register3_r
Info (12021): Found 1 design units, including 1 entities, in source file cntr8.v
    Info (12023): Found entity 1: cntr8
Info (12021): Found 1 design units, including 1 entities, in source file ns_logic.v
    Info (12023): Found entity 1: ns_logic
Info (12021): Found 1 design units, including 1 entities, in source file cla8.v
    Info (12023): Found entity 1: cla8
Info (12021): Found 1 design units, including 1 entities, in source file os_logic.v
    Info (12023): Found entity 1: os_logic
Info (12021): Found 1 design units, including 1 entities, in source file tb_cntr8.v
    Info (12023): Found entity 1: tb_cntr8
Warning (10236): Verilog HDL Implicit Net warning at fa_v2.v(19): created implicit net for "w0"
Info (12127): Elaborating entity "cntr8" for the top level hierarchy
Info (12128): Elaborating entity "_register3_r" for hierarchy "_register3_r:U0_register3_r"
Info (12128): Elaborating entity "_dff_r" for hierarchy "_register3_r:U0_register3_r|_dff_r:U0_dff_r"
Info (12128): Elaborating entity "ns_logic" for hierarchy "ns_logic:U1_ns_logic"
Info (12128): Elaborating entity "os_logic" for hierarchy "os_logic:U2_os_logic"
Warning (10235): Verilog HDL Always Construct warning at os_logic.v(35): variable "d_in" is read inside the Always Construct but isn't in the Always Construct's Event Control
Warning (10235): Verilog HDL Always Construct warning at os_logic.v(36): variable "d_inc" is read inside the Always Construct but isn't in the Always Construct's Event Control
Warning (10235): Verilog HDL Always Construct warning at os_logic.v(37): variable "d_inc" is read inside the Always Construct but isn't in the Always Construct's Event Control
Warning (10235): Verilog HDL Always Construct warning at os_logic.v(38): variable "d_dec" is read inside the Always Construct but isn't in the Always Construct's Event Control
Warning (10235): Verilog HDL Always Construct warning at os_logic.v(39): variable "d_dec" is read inside the Always Construct but isn't in the Always Construct's Event Control
Info (12128): Elaborating entity "cla8" for hierarchy "os_logic:U2_os_logic|cla8:U0_cla8"
Info (12128): Elaborating entity "cla4" for hierarchy "os_logic:U2_os_logic|cla8:U0_cla8|cla4:U0_cla4"
Info (12128): Elaborating entity "fa_v2" for hierarchy "os_logic:U2_os_logic|cla8:U0_cla8|cla4:U0_cla4|fa_v2:U0_fa"
Info (12128): Elaborating entity "_xor2" for hierarchy "os_logic:U2_os_logic|cla8:U0_cla8|cla4:U0_cla4|fa_v2:U0_fa|_xor2:U0_xor2"
Info (12128): Elaborating entity "_inv" for hierarchy "os_logic:U2_os_logic|cla8:U0_cla8|cla4:U0_cla4|fa_v2:U0_fa|_xor2:U0_xor2|_inv:U0_inv"
Info (12128): Elaborating entity "_and2" for hierarchy "os_logic:U2_os_logic|cla8:U0_cla8|cla4:U0_cla4|fa_v2:U0_fa|_xor2:U0_xor2|_and2:U2_and2"
Info (12128): Elaborating entity "_or2" for hierarchy "os_logic:U2_os_logic|cla8:U0_cla8|cla4:U0_cla4|fa_v2:U0_fa|_xor2:U0_xor2|_or2:U4_or2"
Info (12128): Elaborating entity "clb4" for hierarchy "os_logic:U2_os_logic|cla8:U0_cla8|cla4:U0_cla4|clb4:U4_clb4"
Info (12128): Elaborating entity "_and3" for hierarchy "os_logic:U2_os_logic|cla8:U0_cla8|cla4:U0_cla4|clb4:U4_clb4|_and3:U11_and3"
Info (12128): Elaborating entity "_or3" for hierarchy "os_logic:U2_os_logic|cla8:U0_cla8|cla4:U0_cla4|clb4:U4_clb4|_or3:U12_or3"
Info (12128): Elaborating entity "_and4" for hierarchy "os_logic:U2_os_logic|cla8:U0_cla8|cla4:U0_cla4|clb4:U4_clb4|_and4:U15_and4"
Info (12128): Elaborating entity "_or4" for hierarchy "os_logic:U2_os_logic|cla8:U0_cla8|cla4:U0_cla4|clb4:U4_clb4|_or4:U16_or4"
Info (12128): Elaborating entity "_and5" for hierarchy "os_logic:U2_os_logic|cla8:U0_cla8|cla4:U0_cla4|clb4:U4_clb4|_and5:U20_and5"
Info (12128): Elaborating entity "_or5" for hierarchy "os_logic:U2_os_logic|cla8:U0_cla8|cla4:U0_cla4|clb4:U4_clb4|_or5:U21_or5"
Warning (12241): 2 hierarchies have connectivity warnings - see the Connectivity Checks report folder
Info (144001): Generated suppressed messages file D:/Programming/Verilog/2013-2/week9/cntr8/output_files/cntr8.map.smsg
Info (16010): Generating hard_block partition "hard_block:auto_generated_inst"
    Info (16011): Adding 0 node(s), including 0 DDIO, 0 PLL, 0 transceiver and 0 LCELL
Info (21057): Implemented 56 device resources after synthesis - the final resource count might be different
    Info (21058): Implemented 12 input pins
    Info (21059): Implemented 11 output pins
    Info (21061): Implemented 33 logic cells
Info: Quartus II 64-Bit Analysis & Synthesis was successful. 0 errors, 8 warnings
    Info: Peak virtual memory: 442 megabytes
    Info: Processing ended: Thu Nov 07 00:51:30 2013
    Info: Elapsed time: 00:00:03
    Info: Total CPU time (on all processors): 00:00:03


+------------------------------------------+
; Analysis & Synthesis Suppressed Messages ;
+------------------------------------------+
The suppressed messages can be found in D:/Programming/Verilog/2013-2/week9/cntr8/output_files/cntr8.map.smsg.


