


ARM Macro Assembler    Page 1 


    1 00000000                 AREA             ARMex, CODE, READONLY
    2 00000000                 ENTRY
    3 00000000         
    4 00000000         start
    5 00000000 E3A00001        MOV              r0, #1
    6 00000004 E3E01000        MOV              r1, #-1
    7 00000008 E3A02008        MOV              r2, #8
    8 0000000C         
    9 0000000C E2504000        SUBS             r4, r0, #0
   10 00000010 51A03000        MOVPL            r3, r0
   11 00000014         
   12 00000014 E2514000        SUBS             r4, r1, #0
   13 00000018 40833001        ADDMI            r3, r3, r1
   14 0000001C         
   15 0000001C E2524007        SUBS             r4, r2, #7
   16 00000020 D0833002        ADDLE            r3, r3, r2
   17 00000024         
   18 00000024 E2534000        SUBS             r4,r3, #0
   19 00000028 01A03000        MOVEQ            r3, r0
   20 0000002C         
   21 0000002C                 END
Command Line: --debug --xref --cpu=ARM9E --apcs=interwork --depend=.\exercise02
.d -o.\exercise02.o -IC:\Keil\ARM\RV31\INC -IC:\Keil\ARM\CMSIS\Include --predef
ine="__EVAL SETA 1" --list=.\exercise02.lst exercise02.s



ARM Macro Assembler    Page 1 Alphabetic symbol ordering
Relocatable symbols

ARMex 00000000

Symbol: ARMex
   Definitions
      At line 1 in file exercise02.s
   Uses
      None
Comment: ARMex unused
start 00000000

Symbol: start
   Definitions
      At line 4 in file exercise02.s
   Uses
      None
Comment: start unused
2 symbols
333 symbols in table
