<html>
<body>
<pre>
<h1>µVision Build Log</h1>
<h2>Project:</h2>
D:\Programming\Assembly\week3\problem03\problem03-2.uvproj
Project File Date:  10/07/2013

<h2>Output:</h2>
assembling problem03-2.s...
"problem03-2.s" - 0 Errors, 0 Warning(s).
Build target 'Target 1'
linking...
Program Size: Code=80 RO-data=0 RW-data=0 ZI-data=0  
".\problem03-2.axf" - 0 Errors, 0 Warning(s).
assembling problem03-2.s...
"problem03-2.s" - 0 Errors, 0 Warning(s).
assembling problem03-2.s...
"problem03-2.s" - 0 Errors, 0 Warning(s).
Build target 'Target 1'
linking...
Program Size: Code=80 RO-data=0 RW-data=0 ZI-data=0  
".\problem03-2.axf" - 0 Errors, 0 Warning(s).
