ARM Linker, 5.03 [Build 76] [MDK-ARM Lite]

==============================================================================

Section Cross References



==============================================================================

Image Symbol Table

    Local Symbols

    Symbol Name                              Value     Ov Type        Size  Object(Section)

    Project                                  0x00000000   Section     6716  project.o(Project)
    project.s                                0x00000000   Number         0  project.o ABSOLUTE
    Random_data                              0x0000013c   Data         404  project.o(Project)
    Search_data                              0x000010dc   Data         400  project.o(Project)
    Array_data                               0x0000126c   Data         200  project.o(Project)

    Global Symbols

    Symbol Name                              Value     Ov Type        Size  Object(Section)

    BuildAttributes$$THM_ISAv2$ARM_ISAv5$E$P$S$PE$A:L22$X:L11$S22$IEEE1$IW$USESV6$~STKCKD$USESV7$~SHL$OSPACE$EBA8$STANDARDLIB$PRES8$EABIv2 0x00000000   Number         0  anon$$obj.o ABSOLUTE



==============================================================================

Memory Map of the image

  Image Entry point : 0x00000000

  Load Region LR_1 (Base: 0x00000000, Size: 0x00001a3c, Max: 0xffffffff, ABSOLUTE)

    Execution Region ER_RO (Base: 0x00000000, Size: 0x00001a3c, Max: 0xffffffff, ABSOLUTE)

    Base Addr    Size         Type   Attr      Idx    E Section Name        Object

    0x00000000   0x00001a3c   Code   RO            1  * Project             project.o


    Execution Region ER_RW (Base: 0x00000000, Size: 0x00000000, Max: 0xffffffff, ABSOLUTE)

    **** No section assigned to this execution region ****


    Execution Region ER_ZI (Base: 0x00000000, Size: 0x00000000, Max: 0xffffffff, ABSOLUTE)

    **** No section assigned to this execution region ****


==============================================================================

Image component sizes


      Code (inc. data)   RO Data    RW Data    ZI Data      Debug   Object Name

      6716       6420          0          0          0        276   project.o

    ----------------------------------------------------------------------
      6716       6420          0          0          0        276   Object Totals
         0          0          0          0          0          0   (incl. Generated)
         0          0          0          0          0          0   (incl. Padding)

    ----------------------------------------------------------------------
         0          0          0          0          0          0   Library Totals
         0          0          0          0          0          0   (incl. Padding)

    ----------------------------------------------------------------------

==============================================================================


      Code (inc. data)   RO Data    RW Data    ZI Data      Debug   

      6716       6420          0          0          0        276   Grand Totals
      6716       6420          0          0          0        276   ELF Image Totals
      6716       6420          0          0          0          0   ROM Totals

==============================================================================

    Total RO  Size (Code + RO Data)                 6716 (   6.56kB)
    Total RW  Size (RW Data + ZI Data)                 0 (   0.00kB)
    Total ROM Size (Code + RO Data + RW Data)       6716 (   6.56kB)

==============================================================================

